[05:21:36] [main/INFO]: Loading Minecraft 1.21.11 with Fabric Loader 0.18.3
[05:21:37] [main/WARN]: Warnings were found!
 - Mod 'Dynamic Lights' (dynamiclights) 1.9.1+mod recommends any version of midnightlib, which is missing!
	 - You should install any version of midnightlib for the optimal experience.
[05:21:37] [main/INFO]: Loading 81 mods:
	- biomesoplenty 21.11.0.2
	   |-- com_electronwill_night-config_core 3.6.7
	   |-- com_electronwill_night-config_toml 3.6.7
	   \-- net_jodah_typetools 0.6.3
	- c2me 0.3.6+beta.1.0+1.21.11
	   |-- c2me-base 0.3.6+beta.1.0+1.21.11
	   |-- c2me-client-uncapvd 0.3.6+beta.1.0+1.21.11
	   |-- c2me-fixes-chunkio-threading-issues 0.3.6+beta.1.0+1.21.11
	   |-- c2me-fixes-general-threading-issues 0.3.6+beta.1.0+1.21.11
	   |-- c2me-fixes-worldgen-threading-issues 0.3.6+beta.1.0+1.21.11
	   |-- c2me-fixes-worldgen-vanilla-bugs 0.3.6+beta.1.0+1.21.11
	   |-- c2me-notickvd 0.3.6+beta.1.0+1.21.11
	   |-- c2me-opts-allocs 0.3.6+beta.1.0+1.21.11
	   |-- c2me-opts-chunkio 0.3.6+beta.1.0+1.21.11
	   |-- c2me-opts-dfc 0.3.6+beta.1.0+1.21.11
	   |-- c2me-opts-math 0.3.6+beta.1.0+1.21.11
	   |-- c2me-opts-natives-math 0.3.6+beta.1.0+1.21.11
	   |-- c2me-opts-scheduling 0.3.6+beta.1.0+1.21.11
	   |-- c2me-opts-worldgen-general 0.3.6+beta.1.0+1.21.11
	   |-- c2me-opts-worldgen-vanilla 0.3.6+beta.1.0+1.21.11
	   |-- c2me-rewrites-chunk-serializer 0.3.6+beta.1.0+1.21.11
	   |-- c2me-rewrites-chunk-system 0.3.6+beta.1.0+1.21.11
	   |-- c2me-rewrites-chunkio 0.3.6+beta.1.0+1.21.11
	   |-- c2me-server-utils 0.3.6+beta.1.0+1.21.11
	   |-- c2me-threading-lighting 0.3.6+beta.1.0+1.21.11
	   |-- com_ibm_async_asyncutil 0.1.0
	   |-- io_reactivex_rxjava3_rxjava 3.1.12
	   |-- mixinsquared 0.2.0-beta.6
	   |-- net_objecthunter_exp4j 0.4.8
	   |-- org_jctools_jctools-core 4.0.5
	   \-- org_reactivestreams_reactive-streams 1.0.4
	- chunky 1.4.54
	- dynamiclights 1.9.1+mod
	- fabric-api 0.139.5+1.21.11
	   |-- fabric-api-base 1.0.5+4ebb5c083e
	   |-- fabric-api-lookup-api-v1 1.6.113+1fb1cde93e
	   |-- fabric-biome-api-v1 17.1.1+4fc5413f3e
	   |-- fabric-block-api-v1 1.1.10+4ebb5c083e
	   |-- fabric-block-view-api-v2 1.0.39+4ebb5c083e
	   |-- fabric-command-api-v2 2.4.7+6b42a6003e
	   |-- fabric-content-registries-v0 10.2.14+4fc5413f3e
	   |-- fabric-convention-tags-v1 2.1.55+7f945d5b3e
	   |-- fabric-convention-tags-v2 2.17.3+8ef948ba3e
	   |-- fabric-crash-report-info-v1 0.3.23+4ebb5c083e
	   |-- fabric-data-attachment-api-v1 1.8.43+1fb1cde93e
	   |-- fabric-data-generation-api-v1 23.3.0+ae1056283e
	   |-- fabric-dimensions-v1 4.0.28+4fc5413f3e
	   |-- fabric-entity-events-v1 3.0.5+4ebb5c083e
	   |-- fabric-events-interaction-v0 4.0.44+1fb1cde93e
	   |-- fabric-game-rule-api-v1 2.0.3+4fc5413f3e
	   |-- fabric-item-api-v1 11.5.20+d0c46b9e3e
	   |-- fabric-item-group-api-v1 4.2.36+4fc5413f3e
	   |-- fabric-key-binding-api-v1 1.1.7+4fc5413f3e
	   |-- fabric-lifecycle-events-v1 2.6.15+4ebb5c083e
	   |-- fabric-loot-api-v2 3.0.73+3f89f5a53e
	   |-- fabric-loot-api-v3 2.0.20+78c8b4663e
	   |-- fabric-message-api-v1 6.1.12+4ebb5c083e
	   |-- fabric-networking-api-v1 5.1.5+ae1e07683e
	   |-- fabric-object-builder-api-v1 21.1.38+4fc5413f3e
	   |-- fabric-particles-v1 4.2.11+4fc5413f3e
	   |-- fabric-recipe-api-v1 8.2.3+4ebb5c083e
	   |-- fabric-registry-sync-v0 6.2.4+4ebb5c083e
	   |-- fabric-rendering-fluids-v1 3.1.43+4ebb5c083e
	   |-- fabric-rendering-v1 16.2.6+1fb1cde93e
	   |-- fabric-resource-conditions-api-v1 5.0.35+4fc5413f3e
	   |-- fabric-resource-loader-v0 3.3.4+4fc5413f3e
	   |-- fabric-resource-loader-v1 1.0.10+78c8b4663e
	   |-- fabric-screen-api-v1 3.1.7+4ebb5c083e
	   |-- fabric-screen-handler-api-v1 1.3.160+4fc5413f3e
	   |-- fabric-serialization-api-v1 1.0.5+4ebb5c083e
	   |-- fabric-sound-api-v1 1.0.51+4fc5413f3e
	   |-- fabric-tag-api-v1 1.2.20+4fc5413f3e
	   |-- fabric-transfer-api-v1 6.0.24+4fc5413f3e
	   \-- fabric-transitive-access-wideners-v1 7.0.8+0107c3da3e
	- fabricloader 0.18.3
	   \-- mixinextras 0.5.0
	- fallingtree 1.21.11.2
	- ferritecore 8.0.3
	- glitchcore 21.11.0.2
	   |-- com_electronwill_night-config_core 3.6.7
	   |-- com_electronwill_night-config_toml 3.6.7
	   \-- net_jodah_typetools 0.6.3
	- java 25
	- lithium 0.21.1+mc1.21.11
	- minecraft 1.21.11
	- mymod 1.0.1
	- spark 1.10.156
	   \-- fabric-permissions-api-v0 0.6.1
	- terrablender 21.11.0.0
	   |-- com_electronwill_night-config_core 3.6.7
	   \-- com_electronwill_night-config_toml 3.6.7
[05:21:37] [main/INFO]: SpongePowered MIXIN Subsystem Version=0.8.7 Source=file:/C:/Users/Sayan/Desktop/JAVA%20ONLY/libraries/net/fabricmc/sponge-mixin/0.16.5+mixin.0.8.7/sponge-mixin-0.16.5+mixin.0.8.7.jar Service=Knot/Fabric Env=SERVER
[05:21:37] [main/INFO]: Compatibility level set to JAVA_17
[05:21:37] [main/INFO]: Compatibility level set to JAVA_21
[05:21:37] [main/WARN]: Reference map 'biomesoplenty.refmap.json' for biomesoplenty.mixins.json could not be read. If this is a development environment you can ignore this message
[05:21:37] [main/WARN]: Reference map 'biomesoplenty.refmap.json' for biomesoplenty.fabric.mixins.json could not be read. If this is a development environment you can ignore this message
[05:21:37] [main/INFO]: Initializing com.ishland.c2me.base.mixin
[05:21:37] [main/INFO]: Global Executor Parallelism: 7 configured, 7 evaluated, 7 default evaluated
[05:21:37] [main/INFO]: Initializing com.ishland.c2me.fixes.chunkio.threading_issues.mixin
[05:21:37] [main/INFO]: Initializing com.ishland.c2me.fixes.general.threading_issues.mixin
[05:21:37] [main/INFO]: Initializing com.ishland.c2me.fixes.worldgen.threading_issues.mixin
[05:21:37] [main/INFO]: Initializing com.ishland.c2me.fixes.worldgen.vanilla_bugs.mixin
[05:21:37] [main/INFO]: Initializing com.ishland.c2me.notickvd.mixin
[05:21:37] [main/INFO]: Initializing com.ishland.c2me.opts.allocs.mixin
[05:21:37] [main/INFO]: Initializing com.ishland.c2me.opts.chunkio.mixin
[05:21:37] [main/INFO]: Initializing com.ishland.c2me.opts.dfc.mixin
[05:21:37] [main/INFO]: Initializing com.ishland.c2me.opts.math.mixin
[05:21:37] [main/INFO]: Initializing com.ishland.c2me.opts.natives_math.mixin
[05:21:37] [main/INFO]: Attempting to call native library. If your game crashes right after this point, native acceleration may not be available for your system.
[05:21:37] [main/INFO]: Detected maximum supported ISA target: AVX2
[05:21:37] [main/INFO]: Initializing com.ishland.c2me.opts.scheduling.mixin
[05:21:37] [main/INFO]: Initializing com.ishland.c2me.opts.worldgen.general.mixin
[05:21:37] [main/INFO]: Initializing com.ishland.c2me.opts.worldgen.vanilla.mixin
[05:21:37] [main/INFO]: Initializing com.ishland.c2me.rewrites.chunk_serializer.mixin
[05:21:37] [main/INFO]: Disabling com.ishland.c2me.rewrites.chunk_serializer.mixin
[05:21:37] [main/INFO]: Initializing com.ishland.c2me.rewrites.chunksystem.mixin
[05:21:37] [main/INFO]: Initializing com.ishland.c2me.rewrites.chunkio.mixin
[05:21:37] [main/INFO]: Initializing com.ishland.c2me.server.utils.mixin
[05:21:37] [main/INFO]: Initializing com.ishland.c2me.threading.lighting.mixin
[05:21:37] [main/WARN]: Reference map 'glitchcore.refmap.json' for glitchcore.mixins.json could not be read. If this is a development environment you can ignore this message
[05:21:37] [main/WARN]: Reference map 'glitchcore.refmap.json' for glitchcore.fabric.mixins.json could not be read. If this is a development environment you can ignore this message
[05:21:37] [main/INFO]: Loaded configuration file for Lithium: 164 options available, 0 override(s) found.
[05:21:37] [main/WARN]: Reference map 'TerraBlender-fabric-refmap.json' for terrablender.mixins.json could not be read. If this is a development environment you can ignore this message
[05:21:38] [main/WARN]: Error loading class: ca/spottedleaf/starlight/common/thread/SchedulingUtil (java.lang.ClassNotFoundException: ca/spottedleaf/starlight/common/thread/SchedulingUtil)
[05:21:38] [main/WARN]: Error loading class: net/fabricmc/fabric/api/client/rendering/v1/EntityModelLayerRegistry$TexturedModelDataProvider (java.lang.ClassNotFoundException: net/fabricmc/fabric/api/client/rendering/v1/EntityModelLayerRegistry$TexturedModelDataProvider)
[05:21:38] [main/INFO]: Initializing MixinExtras via com.llamalad7.mixinextras.service.MixinExtrasServiceImpl(version=0.5.0).
[05:21:46] [main/INFO]: [Dynamic Lights] Loaded Dynamic Lights by Tschipcraft successfully!
[05:21:47] [main/INFO]: Registering Mod Items mymod
[05:21:47] [main/INFO]: Registered region minecraft:overworld to index 0 for type OVERWORLD
[05:21:47] [main/INFO]: Registered region minecraft:nether to index 0 for type NETHER
[05:21:47] [main/INFO]: Registered region biomesoplenty:overworld_primary to index 1 for type OVERWORLD
[05:21:47] [main/INFO]: Registered region biomesoplenty:overworld_secondary to index 2 for type OVERWORLD
[05:21:47] [main/INFO]: Registered region biomesoplenty:overworld_rare to index 3 for type OVERWORLD
[05:21:47] [main/INFO]: Registered region biomesoplenty:nether_common to index 1 for type NETHER
[05:21:47] [main/INFO]: Registered region biomesoplenty:nether_rare to index 2 for type NETHER
[05:21:47] [main/INFO]: Environment: Environment[sessionHost=https://sessionserver.mojang.com, servicesHost=https://api.minecraftservices.com, profilesHost=https://api.mojang.com, name=PROD]
[05:21:50] [main/INFO]: Loaded 1838 recipes
[05:21:50] [main/INFO]: Loaded 1956 advancements
[05:21:51] [main/INFO]: Initialized TerraBlender biomes for level stem minecraft:overworld
[05:21:51] [main/INFO]: Initialized TerraBlender biomes for level stem minecraft:the_nether
[05:21:51] [main/INFO]: Applied 132 biome modifications to 132 of 134 new biomes in 77.51 ms
[05:21:51] [Server thread/INFO]: Starting background profiler...
[05:21:51] [Server thread/INFO]: The async-profiler engine is not supported for your os/arch (windows11/amd64), so the built-in Java engine will be used instead.
[05:21:51] [Server thread/INFO]: Starting minecraft server version 1.21.11
[05:21:51] [Server thread/INFO]: Loading properties
[05:21:51] [Server thread/INFO]: Default game type: SURVIVAL
[05:21:51] [Server thread/INFO]: Generating keypair
[05:21:51] [Server thread/INFO]: Starting Minecraft server on *:25565
[05:21:52] [Server thread/WARN]: **** SERVER IS RUNNING IN OFFLINE/INSECURE MODE!
[05:21:52] [Server thread/WARN]: The server will make no attempt to authenticate usernames. Beware.
[05:21:52] [Server thread/WARN]: While this makes the game possible to play without internet access, it also opens up the ability for hackers to connect with any username they choose.
[05:21:52] [Server thread/WARN]: To change this, set "online-mode" to "true" in the server.properties file.
[05:21:52] [Server thread/INFO]: Preparing level "world"
[05:21:52] [Server thread/INFO]: Enforcing safe world random access
[05:21:52] [Server thread/INFO]: [STDOUT]: Density function compilation finished in 269.5 ms
[05:21:52] [Server thread/INFO]: Using TheSpeedyObjectFactory without Unsafe
[05:21:53] [Server thread/INFO]: [STDOUT]: Density function compilation finished in 5.681 ms
[05:21:53] [Server thread/INFO]: [STDOUT]: Density function compilation finished in 8.818 ms
[05:21:53] [Server thread/INFO]: Loading 0 persistent chunks...
[05:21:53] [Server thread/INFO]: Preparing spawn area: 100%
[05:21:53] [Server thread/INFO]: Time elapsed: 23 ms
[05:21:53] [Server thread/INFO]: Done (1.133s)! For help, type "help"
[05:22:53] [Server thread/INFO]: Server empty for 60 seconds, pausing
[05:24:58] [Server thread/INFO]: Guru[/192.168.1.4:61216] logged in with entity id 245 at (388.3717717668973, 81.0, -28.20551157056652)
[05:24:58] [Server thread/INFO]: Guru joined the game
[05:25:00] [Server thread/WARN]: Can't keep up! Is the server overloaded? Running 2053ms or 41 ticks behind
[05:28:29] [Server thread/INFO]: OTAKUN[/192.168.1.2:57510] logged in with entity id 1414 at (392.8429009132401, 78.0, -38.05722662294148)
[05:28:29] [Server thread/INFO]: OTAKUN joined the game
[05:36:38] [Server thread/INFO]: OTAKUN lost connection: Disconnected
[05:36:38] [Server thread/INFO]: OTAKUN left the game
[05:38:01] [Server thread/INFO]: OTAKUN[/192.168.1.2:58140] logged in with entity id 5191 at (417.69999998807907, 79.0, -43.31329899967206)
[05:38:01] [Server thread/INFO]: OTAKUN joined the game
[05:49:01] [Server thread/WARN]: Guru moved too quickly! -7.198637648375495,5.311228044442416,-6.688195850491169
[05:52:17] [Server thread/WARN]: Guru moved too quickly! -6.367931668132087,-7.3104479032597,-3.674568584083559
[05:57:13] [Server thread/INFO]: OTAKUN lost connection: Disconnected
[05:57:13] [Server thread/INFO]: OTAKUN left the game
[05:57:20] [Server thread/INFO]: OTAKUN[/192.168.1.2:58822] logged in with entity id 12436 at (407.0903880471851, 83.0, -36.6664382676001)
[05:57:20] [Server thread/INFO]: OTAKUN joined the game
[06:30:50] [Server thread/WARN]: Mismatch in destroy block pos: class_2338{x=444, y=79, z=-57} class_2338{x=445, y=79, z=-57}
[06:30:50] [Server thread/WARN]: Mismatch in destroy block pos: class_2338{x=444, y=79, z=-57} class_2338{x=445, y=79, z=-57}
[06:30:50] [Server thread/WARN]: Mismatch in destroy block pos: class_2338{x=444, y=79, z=-58} class_2338{x=445, y=79, z=-57}
[06:36:15] [Server thread/WARN]: Mismatch in destroy block pos: class_2338{x=444, y=83, z=-50} class_2338{x=444, y=82, z=-51}
[07:07:03] [Server thread/WARN]: Mismatch in destroy block pos: class_2338{x=415, y=80, z=-39} class_2338{x=415, y=80, z=-38}
[07:07:03] [Server thread/WARN]: Mismatch in destroy block pos: class_2338{x=415, y=80, z=-39} class_2338{x=415, y=80, z=-38}
[07:13:47] [Server thread/INFO]: Guru lost connection: Disconnected
[07:13:47] [Server thread/INFO]: Guru left the game
[07:13:53] [Server thread/INFO]: Guru[/192.168.1.4:53408] logged in with entity id 35721 at (417.24425469526096, 79.9375, -41.15462625617108)
[07:13:53] [Server thread/INFO]: Guru joined the game
[07:14:00] [Server thread/INFO]: OTAKUN lost connection: Disconnected
[07:14:00] [Server thread/INFO]: OTAKUN left the game
[07:14:56] [Server thread/INFO]: Guru lost connection: Disconnected
[07:14:56] [Server thread/INFO]: Guru left the game
[07:15:10] [Server thread/INFO]: Stopping server
[07:15:10] [Server thread/INFO]: Saving players
[07:15:10] [Server thread/INFO]: Saving worlds
[07:15:10] [Server thread/INFO]: ServerLevel[world]/minecraft:overworld: waiting for 729 chunks to unload
[07:15:10] [Server thread/INFO]: Saving chunks for level 'ServerLevel[world]'/minecraft:overworld
[07:15:10] [Server thread/INFO]: Saving chunks for level 'ServerLevel[world]'/minecraft:the_nether
[07:15:10] [Server thread/INFO]: Saving chunks for level 'ServerLevel[world]'/minecraft:the_end
[07:15:10] [Server thread/INFO]: ThreadedAnvilChunkStorage (world): All chunks are saved
[07:15:10] [Server thread/INFO]: ThreadedAnvilChunkStorage (DIM-1): All chunks are saved
[07:15:10] [Server thread/INFO]: ThreadedAnvilChunkStorage (DIM1): All chunks are saved
[07:15:10] [Server thread/INFO]: ThreadedAnvilChunkStorage: All dimensions are saved
[07:15:10] [C2ME Storage #3/INFO]: Storage thread Thread[#97,C2ME Storage #3,8,main] stopped
[07:15:10] [C2ME Storage #2/INFO]: Storage thread Thread[#96,C2ME Storage #2,8,main] stopped
[07:15:10] [C2ME Storage #1/INFO]: Storage thread Thread[#95,C2ME Storage #1,8,main] stopped
[07:15:10] [C2ME Storage #6/INFO]: Storage thread Thread[#100,C2ME Storage #6,8,main] stopped
[07:15:10] [C2ME Storage #5/INFO]: Storage thread Thread[#99,C2ME Storage #5,8,main] stopped
[07:15:10] [C2ME Storage #4/INFO]: Storage thread Thread[#98,C2ME Storage #4,8,main] stopped
[07:15:10] [C2ME Storage #8/INFO]: Storage thread Thread[#102,C2ME Storage #8,8,main] stopped
[07:15:10] [C2ME Storage #9/INFO]: Storage thread Thread[#103,C2ME Storage #9,8,main] stopped
[07:15:10] [C2ME Storage #7/INFO]: Storage thread Thread[#101,C2ME Storage #7,8,main] stopped
